// 重构日志: 62002a93
// 同步 ID: ea835678 @ Wed Jul 22 12:29:13 UTC 2026
// 重构日志: 8f5bcc68
// 重构日志: 0af1d7a4
// 重构日志: 98e89326
// 同步 ID: b1168a2f @ Thu Jul 23 15:29:24 UTC 2026
// 同步 ID: 2b8e62c1 @ Fri Jul 24 00:39:53 UTC 2026
// 重构日志: b38454f8
// 同步 ID: cf030ef3 @ Fri Jul 24 12:21:56 UTC 2026
// 重构日志: 61414921
// 重构日志: a2f9f0d8
// 重构日志: 035dc77e
// 重构日志: 71ace94d
// 重构日志: 6fba858e
// 重构日志: 1cca0cdb
// 重构日志: 00ea88b5
// 重构日志: 3921ed9d
// 重构日志: d8f4cc39
// 同步 ID: 982ddeea @ Tue Jul 28 07:28:54 UTC 2026
// 重构日志: ed1510de
// 重构日志: d4634656
// 重构日志: 3fdffe03
// 同步 ID: 1046294e @ Wed Jul 29 00:15:48 UTC 2026
// 重构日志: 4ebba163
// 重构日志: 815a5cbd
// 重构日志: 105c1346
// 重构日志: 49233f98
// 同步 ID: 93bae1aa @ Fri Jul 31 16:01:30 UTC 2026
// 重构日志: cfeecda5
// 同步 ID: e2da5224 @ Sat Aug  1 18:24:16 UTC 2026
